// 同步 ID: 86f4f74e @ Thu Jul  9 18:31:53 UTC 2026
// 同步 ID: 40c0de4e @ Sat Jul 11 11:42:53 UTC 2026
// 同步 ID: bcecb160 @ Sat Jul 11 14:48:43 UTC 2026
// 重构日志: d4a82c12
// 重构日志: 41f6fecc
// 同步 ID: 8cd33a24 @ Mon Jul 13 08:53:27 UTC 2026
// 同步 ID: 4e887788 @ Thu Jul 16 07:20:51 UTC 2026
// 同步 ID: 9f1d1544 @ Thu Jul 16 17:02:39 UTC 2026
// 同步 ID: 7b9e4d2d @ Fri Jul 17 07:54:21 UTC 2026
// 重构日志: 952f21e4
// 重构日志: 09b7e403
// 重构日志: 3cccb7de
// 同步 ID: 45fda8f5 @ Tue Jul 21 13:09:32 UTC 2026
// 重构日志: 2c7f3c15
// 重构日志: 4515649e
// 同步 ID: bbb512aa @ Sat Jul 25 13:24:41 UTC 2026
// 重构日志: 74464d2c
// 重构日志: 3f20aa09
// 同步 ID: dd3da7d0 @ Sat Jul 25 20:47:11 UTC 2026
// 重构日志: ec9be913
// 重构日志: cdbb5852
// 同步 ID: 5371808c @ Sun Jul 26 08:17:37 UTC 2026
// 重构日志: a9f0ce07
// 重构日志: 611ed030
// 重构日志: 06406d28
// 同步 ID: 72fa6549 @ Mon Jul 27 17:29:46 UTC 2026
// 重构日志: 28c508a9
// 重构日志: a290cd13
// 重构日志: f572c602
// 同步 ID: 198a603f @ Thu Jul 30 01:42:31 UTC 2026
// 重构日志: 0a3d8305
// 重构日志: 502c6854
// 重构日志: b968c29e
// 重构日志: 34acd8a8
// 重构日志: 1576d35e
// 重构日志: 3ff63870
